../Core/Src/main.c:93:5:main	8	static
../Core/Src/main.c:147:6:SystemClock_Config	88	static
../Core/Src/main.c:195:13:MX_ADC1_Init	24	static
../Core/Src/main.c:247:13:MX_TIM2_Init	32	static
../Core/Src/main.c:292:13:MX_TIM3_Init	32	static
../Core/Src/main.c:337:13:MX_USART2_UART_Init	8	static
../Core/Src/main.c:368:13:MX_DMA_Init	16	static
../Core/Src/main.c:386:13:MX_GPIO_Init	48	static
../Core/Src/main.c:419:6:HAL_ADC_ConvHalfCpltCallback	16	static
../Core/Src/main.c:423:6:HAL_ADC_ConvCpltCallback	24	static
../Core/Src/main.c:454:6:Error_Handler	4	static,ignoring_inline_asm
